Flutter crash report.
Please report a bug at https://github.com/flutter/flutter/issues.

## command

flutter pub get

## exception

PathNotFoundException: PathNotFoundException: Cannot open file, path = '/Users/muhammadusman/Documents/GitHub/ars_traders/.dart_tool/dartpad/web_plugin_registrant.dart' (OS Error: No such file or directory, errno = 2)

```
#0      _checkForErrorResponse (dart:io/common.dart:58:9)
#1      _File.open.<anonymous closure> (dart:io/file_impl.dart:442:7)
#2      _rootRunUnary (dart:async/zone.dart:1538:47)
#3      _CustomZone.runUnary (dart:async/zone.dart:1429:19)
<asynchronous suspension>
#4      _File.readAsBytes.<anonymous closure> (dart:io/file_impl.dart:649:24)
<asynchronous suspension>
#5      _fileContentsUnchanged (package:flutter_tools/src/flutter_plugins.dart:38:31)
<asynchronous suspension>
#6      _renderTemplateToFile (package:flutter_tools/src/flutter_plugins.dart:49:7)
<asynchronous suspension>
#7      _writeWebPluginRegistrant (package:flutter_tools/src/flutter_plugins.dart:1034:3)
<asynchronous suspension>
#8      injectBuildTimePluginFilesForWebPlatform (package:flutter_tools/src/flutter_plugins.dart:1227:3)
<asynchronous suspension>
#9      WebProject.ensureReadyForPlatformSpecificTooling (package:flutter_tools/src/project.dart:1086:5)
<asynchronous suspension>
#10     FlutterProject.ensureReadyForPlatformSpecificTooling (package:flutter_tools/src/project.dart:393:7)
<asynchronous suspension>
#11     PackagesGetCommand.runCommand (package:flutter_tools/src/commands/packages.dart:395:9)
<asynchronous suspension>
#12     FlutterCommand.run.<anonymous closure> (package:flutter_tools/src/runner/flutter_command.dart:1581:27)
<asynchronous suspension>
#13     AppContext.run.<anonymous closure> (package:flutter_tools/src/base/context.dart:154:19)
<asynchronous suspension>
#14     CommandRunner.runCommand (package:args/command_runner.dart:212:13)
<asynchronous suspension>
#15     FlutterCommandRunner.runCommand.<anonymous closure> (package:flutter_tools/src/runner/flutter_command_runner.dart:503:9)
<asynchronous suspension>
#16     AppContext.run.<anonymous closure> (package:flutter_tools/src/base/context.dart:154:19)
<asynchronous suspension>
#17     FlutterCommandRunner.runCommand (package:flutter_tools/src/runner/flutter_command_runner.dart:438:5)
<asynchronous suspension>
#18     run.<anonymous closure>.<anonymous closure> (package:flutter_tools/runner.dart:98:11)
<asynchronous suspension>
#19     AppContext.run.<anonymous closure> (package:flutter_tools/src/base/context.dart:154:19)
<asynchronous suspension>
#20     main (package:flutter_tools/executable.dart:101:3)
<asynchronous suspension>
```

## flutter doctor

```
[!] Flutter (Channel stable, 3.35.6, on macOS 15.7.1 24G231 darwin-x64, locale en-US) [66.7s]
    • Flutter version 3.35.6 on channel stable at /Users/muhammadusman/flutter
    ! The flutter binary is not on your path. Consider adding /Users/muhammadusman/flutter/bin to your path.
    ! The dart binary is not on your path. Consider adding /Users/muhammadusman/flutter/bin to your path.
    • Upstream repository https://github.com/flutter/flutter.git
    • Framework revision 9f455d2486 (7 months ago), 2025-10-08 14:55:31 -0500
    • Engine revision d2913632a4
    • Dart version 3.9.2
    • DevTools version 2.48.0
    • Feature flags: enable-web, enable-linux-desktop, enable-macos-desktop, enable-windows-desktop, enable-android, enable-ios, cli-animations, enable-lldb-debugging
    • If those were intentional, you can disregard the above warnings; however it is recommended to use "git" directly to perform update checks and upgrades.

[!] Android toolchain - develop for Android devices (Android SDK version 36.1.0) [174.2s]
    • Android SDK at /Users/muhammadusman/Library/Android/sdk
    • Emulator version 36.3.10.0 (build_id 14472402) (CL:N/A)
    • Platform android-36, build-tools 36.1.0
    • Java binary at: /Applications/Android Studio.app/Contents/jbr/Contents/Home/bin/java
      This is the JDK bundled with the latest Android Studio installation on this machine.
      To manually set the JDK path, use: `flutter config --jdk-dir="path/to/jdk"`.
    • Java version OpenJDK Runtime Environment (build 21.0.6+-13355223-b631.42)
    ! Some Android licenses not accepted. To resolve this, run: flutter doctor --android-licenses

[✓] Xcode - develop for iOS and macOS (Xcode 26.2) [214.6s]
    • Xcode at /Applications/Xcode.app/Contents/Developer
    • Build 17C52
    • CocoaPods version 1.16.2

[✓] Chrome - develop for the web [338ms]
    • Chrome at /Applications/Google Chrome.app/Contents/MacOS/Google Chrome

[✓] Android Studio (version 2024.3) [317ms]
    • Android Studio at /Applications/Android Studio.app/Contents
    • Flutter plugin can be installed from:
      🔨 https://plugins.jetbrains.com/plugin/9212-flutter
    • Dart plugin can be installed from:
      🔨 https://plugins.jetbrains.com/plugin/6351-dart
    • Java version OpenJDK Runtime Environment (build 21.0.6+-13355223-b631.42)

[✓] VS Code (version 1.108.1) [251ms]
    • VS Code at /Applications/Visual Studio Code.app/Contents
    • Flutter extension can be installed from:
      🔨 https://marketplace.visualstudio.com/items?itemName=Dart-Code.flutter

[✓] Connected device (2 available) [135.8s]
    • macOS (desktop) • macos  • darwin-x64     • macOS 15.7.1 24G231 darwin-x64
    • Chrome (web)    • chrome • web-javascript • Google Chrome 147.0.7727.102
    ! Error: Browsing on the local area network for Muhammad’s iPhone. Ensure the device is unlocked and attached with a cable or associated with the same local area network as this Mac.
      The device must be opted into Developer Mode to connect wirelessly. (code -27)

[✓] Network resources [5.9s]
    • All expected network resources are available.

! Doctor found issues in 2 categories.
```
